// Jest Snapshot v1, https://goo.gl/fbAQLP

exports[`Footer render Footer snapshot 1`] = `
<DocumentFragment>
  <footer />
</DocumentFragment>
`;
